// Vitest Snapshot v1, https://vitest.dev/guide/snapshot.html

exports[`init > should match config 1`] = `Promise {}`;
